EN ejercicio1 NULL C:/Users/Adrian/Desktop/U2/Evaluacion02/Ejercicio1.vhd sub00/vhpl03 1657910330
EN ejercicio2 NULL C:/Users/Adrian/Desktop/U2/Evaluacion02/Ejercicio2.vhd sub00/vhpl00 1657906069
EN ejercicio3 NULL C:/Users/Adrian/Desktop/U2/Evaluacion02/Ejercicio3.vhd sub00/vhpl02 1657907642
AR ejercicio2 behavioral C:/Users/Adrian/Desktop/U2/Evaluacion02/Ejercicio2.vhd sub00/vhpl01 1657905608
AR ejercicio1 behavioral C:/Users/Adrian/Desktop/U2/Evaluacion02/Ejercicio1.vhd sub00/vhpl04 1657910331
